bugs-from-ietf-modules.yang:12: error: XPATH_PATH_TOO_MANY_UP
bugs-from-ietf-modules.yang:27: warning: XPATH_NODE_NOT_FOUND1
bugs-from-ietf-modules.yang:27: warning: XPATH_NODE_NOT_FOUND1
